10 20 5  
   \x1b[36m██\x1b[0m    
   \x1b[36m██\x1b[0m    
   \x1b[36m██\x1b[0m    
   \x1b[36m██\x1b[0m    
   \x1b[36m██\x1b[0m    
   \x1b[36m██\x1b[0m    
   \x1b[36m██\x1b[0m    
   \x1b[36m██\x1b[0m    
   \x1b[36m██\x1b[0m    
   \x1b[36m██\x1b[0m    
   \x1b[36m██\x1b[0m    
   \x1b[36m██\x1b[0m    
   \x1b[36m██\x1b[0m    
   \x1b[36m██\x1b[0m    
   \x1b[36m██\x1b[0m    
   \x1b[36m██\x1b[0m    
   \x1b[36m██\x1b[0m    
   \x1b[36m██\x1b[0m    
   \x1b[36m██\x1b[0m    
   \x1b[36m██\x1b[0m    
\x1b[36m██\x1b[0m \x1b[36m██\x1b[0m    
\x1b[36m██\x1b[0m \x1b[36m██\x1b[0m    
\x1b[36m██\x1b[0m \x1b[36m██\x1b[0m    
\x1b[36m██\x1b[0m \x1b[36m██\x1b[0m    
\x1b[36m██\x1b[0m \x1b[36m██\x1b[0m    
\x1b[36m██\x1b[0m \x1b[36m██\x1b[0m    
\x1b[36m██\x1b[0m \x1b[36m██\x1b[0m    
\x1b[36m██\x1b[0m \x1b[36m██\x1b[0m    
\x1b[36m██\x1b[0m \x1b[36m██\x1b[0m    
\x1b[36m██\x1b[0m \x1b[36m██\x1b[0m    
\x1b[36m██\x1b[0m \x1b[36m██\x1b[0m \x1b[36m██\x1b[0m 
\x1b[36m██\x1b[0m \x1b[36m██\x1b[0m \x1b[36m██\x1b[0m 
\x1b[36m██\x1b[0m \x1b[36m██\x1b[0m \x1b[36m██\x1b[0m 
\x1b[36m██\x1b[0m \x1b[36m██\x1b[0m \x1b[36m██\x1b[0m 
\x1b[36m██\x1b[0m \x1b[36m██\x1b[0m \x1b[36m██\x1b[0m 
\x1b[36m██\x1b[0m \x1b[36m██\x1b[0m \x1b[36m██\x1b[0m 
\x1b[36m██\x1b[0m \x1b[36m██\x1b[0m \x1b[36m██\x1b[0m 
\x1b[36m██\x1b[0m \x1b[36m██\x1b[0m \x1b[36m██\x1b[0m 
\x1b[36m██\x1b[0m \x1b[36m██\x1b[0m \x1b[36m██\x1b[0m 
\x1b[36m██\x1b[0m \x1b[36m██\x1b[0m \x1b[36m██\x1b[0m 
\x1b[96mA\x1b[0m  \x1b[96mB\x1b[0m  \x1b[96mC\x1b[0m  
         
