\x1b[96mFirstname\x1b[90m | \x1b[0m\x1b[96mLastname\x1b[90m | \x1b[0m\x1b[96mEmail                               \x1b[0m
Paul     \x1b[90m | \x1b[0mDean    \x1b[90m | \x1b[0mnisi.dictum.augue@velitAliquam.co.uk
Callie   \x1b[90m | \x1b[0mMckay   \x1b[90m | \x1b[0megestas.nunc.sed@est.com            
Libby    \x1b[90m | \x1b[0mCamacho \x1b[90m | \x1b[0maliquet.lobortis@semper.com         
