\x1b[100m                                                                                \x1b[0m
\x1b[100m\x1b[97;1m                                  PTerm Header                                  \x1b[0m\x1b[100m\x1b[0m
\x1b[100m                                                                                \x1b[0m
